E0310 11:57:12.114153     7 slave.cpp:3903] Failed to update resources for container a6bf41f8-2fa2-43d1-9ad0-df2295add17c of executor 'eureka1.ae9ff89c-0588-11e7-8af0-0242eefd1751' running task eureka1.ae9ff89c-0588-11e7-8af0-0242eefd1751 on status update for terminal task, destroying container: Failed to run 'docker -H unix:///var/run/docker.sock inspect mesos-fa31bf15-4b27-4e82-9391-58eecd4abcec-S0.a6bf41f8-2fa2-43d1-9ad0-df2295add17c': exited with status 1; stderr='Error: No such image or container: mesos-fa31bf15-4b27-4e82-9391-58eecd4abcec-S0.a6bf41f8-2fa2-43d1-9ad0-df2295add17c
'
E0310 11:57:19.051744     9 slave.cpp:3903] Failed to update resources for container 5a0e1081-3d9b-4154-b8ce-67dc67359832 of executor 'eureka1.b2ca686d-0588-11e7-8af0-0242eefd1751' running task eureka1.b2ca686d-0588-11e7-8af0-0242eefd1751 on status update for terminal task, destroying container: Failed to run 'docker -H unix:///var/run/docker.sock inspect mesos-fa31bf15-4b27-4e82-9391-58eecd4abcec-S0.5a0e1081-3d9b-4154-b8ce-67dc67359832': exited with status 1; stderr='Error: No such image or container: mesos-fa31bf15-4b27-4e82-9391-58eecd4abcec-S0.5a0e1081-3d9b-4154-b8ce-67dc67359832
'
E0310 11:57:19.057708    14 process.cpp:2154] Failed to shutdown socket with fd 21: Transport endpoint is not connected
E0310 11:57:40.251144    13 slave.cpp:3903] Failed to update resources for container 68f45168-611d-4756-a3c1-c5524f297436 of executor 'eureka1.bf6ecc10-0588-11e7-8af0-0242eefd1751' running task eureka1.bf6ecc10-0588-11e7-8af0-0242eefd1751 on status update for terminal task, destroying container: Failed to run 'docker -H unix:///var/run/docker.sock inspect mesos-fa31bf15-4b27-4e82-9391-58eecd4abcec-S0.68f45168-611d-4756-a3c1-c5524f297436': exited with status 1; stderr='Error: No such image or container: mesos-fa31bf15-4b27-4e82-9391-58eecd4abcec-S0.68f45168-611d-4756-a3c1-c5524f297436
'
E0310 11:57:40.260612    14 process.cpp:2154] Failed to shutdown socket with fd 21: Transport endpoint is not connected
E0310 11:57:47.290191    11 slave.cpp:3903] Failed to update resources for container 85638704-0c6f-46a0-b263-7b3ff93837ed of executor 'eureka1.c3920ff1-0588-11e7-8af0-0242eefd1751' running task eureka1.c3920ff1-0588-11e7-8af0-0242eefd1751 on status update for terminal task, destroying container: Failed to run 'docker -H unix:///var/run/docker.sock inspect mesos-fa31bf15-4b27-4e82-9391-58eecd4abcec-S0.85638704-0c6f-46a0-b263-7b3ff93837ed': exited with status 1; stderr='Error: No such image or container: mesos-fa31bf15-4b27-4e82-9391-58eecd4abcec-S0.85638704-0c6f-46a0-b263-7b3ff93837ed
'
E0310 11:57:47.296288    14 process.cpp:2154] Failed to shutdown socket with fd 21: Transport endpoint is not connected
E0310 11:57:54.228647    12 slave.cpp:3903] Failed to update resources for container 0d1b53e4-c51c-4fb0-9f01-8612380edba5 of executor 'eureka1.c7c29a42-0588-11e7-8af0-0242eefd1751' running task eureka1.c7c29a42-0588-11e7-8af0-0242eefd1751 on status update for terminal task, destroying container: Failed to run 'docker -H unix:///var/run/docker.sock inspect mesos-fa31bf15-4b27-4e82-9391-58eecd4abcec-S0.0d1b53e4-c51c-4fb0-9f01-8612380edba5': exited with status 1; stderr='Error: No such image or container: mesos-fa31bf15-4b27-4e82-9391-58eecd4abcec-S0.0d1b53e4-c51c-4fb0-9f01-8612380edba5
'
E0310 11:58:08.195354    12 slave.cpp:3903] Failed to update resources for container 9e2720c6-89ec-4193-880b-ccf5ba21a21d of executor 'eureka1.d01b2364-0588-11e7-8af0-0242eefd1751' running task eureka1.d01b2364-0588-11e7-8af0-0242eefd1751 on status update for terminal task, destroying container: Failed to run 'docker -H unix:///var/run/docker.sock inspect mesos-fa31bf15-4b27-4e82-9391-58eecd4abcec-S0.9e2720c6-89ec-4193-880b-ccf5ba21a21d': exited with status 1; stderr='Error: No such image or container: mesos-fa31bf15-4b27-4e82-9391-58eecd4abcec-S0.9e2720c6-89ec-4193-880b-ccf5ba21a21d
'
E0310 11:58:15.130800     6 slave.cpp:3903] Failed to update resources for container ea9838a1-d13a-4391-9b9d-798612d6ccf1 of executor 'eureka1.d437d795-0588-11e7-8af0-0242eefd1751' running task eureka1.d437d795-0588-11e7-8af0-0242eefd1751 on status update for terminal task, destroying container: Failed to run 'docker -H unix:///var/run/docker.sock inspect mesos-fa31bf15-4b27-4e82-9391-58eecd4abcec-S0.ea9838a1-d13a-4391-9b9d-798612d6ccf1': exited with status 1; stderr='Error: No such image or container: mesos-fa31bf15-4b27-4e82-9391-58eecd4abcec-S0.ea9838a1-d13a-4391-9b9d-798612d6ccf1
'
E0310 11:58:15.137620    14 process.cpp:2154] Failed to shutdown socket with fd 21: Transport endpoint is not connected
E0310 11:58:36.023874    12 slave.cpp:3903] Failed to update resources for container 92229862-91d3-45e9-b3a7-b3dbb65f7fa6 of executor 'eureka1.e0ae7478-0588-11e7-8af0-0242eefd1751' running task eureka1.e0ae7478-0588-11e7-8af0-0242eefd1751 on status update for terminal task, destroying container: Failed to run 'docker -H unix:///var/run/docker.sock inspect mesos-fa31bf15-4b27-4e82-9391-58eecd4abcec-S0.92229862-91d3-45e9-b3a7-b3dbb65f7fa6': exited with status 1; stderr='Error: No such image or container: mesos-fa31bf15-4b27-4e82-9391-58eecd4abcec-S0.92229862-91d3-45e9-b3a7-b3dbb65f7fa6
'
E0310 11:58:43.158450    13 slave.cpp:3903] Failed to update resources for container 09f24b24-0440-48b1-95b9-5eb99eb33acb of executor 'eureka1.e4e51949-0588-11e7-8af0-0242eefd1751' running task eureka1.e4e51949-0588-11e7-8af0-0242eefd1751 on status update for terminal task, destroying container: Failed to run 'docker -H unix:///var/run/docker.sock inspect mesos-fa31bf15-4b27-4e82-9391-58eecd4abcec-S0.09f24b24-0440-48b1-95b9-5eb99eb33acb': exited with status 1; stderr='Error: No such image or container: mesos-fa31bf15-4b27-4e82-9391-58eecd4abcec-S0.09f24b24-0440-48b1-95b9-5eb99eb33acb
'
E0310 11:58:43.165567    14 process.cpp:2154] Failed to shutdown socket with fd 21: Transport endpoint is not connected
E0310 11:59:04.248939     7 slave.cpp:3903] Failed to update resources for container 095ebf9d-dfb8-49f1-a8c6-ad185a496393 of executor 'eureka1.f17d47ec-0588-11e7-8af0-0242eefd1751' running task eureka1.f17d47ec-0588-11e7-8af0-0242eefd1751 on status update for terminal task, destroying container: Failed to run 'docker -H unix:///var/run/docker.sock inspect mesos-fa31bf15-4b27-4e82-9391-58eecd4abcec-S0.095ebf9d-dfb8-49f1-a8c6-ad185a496393': exited with status 1; stderr='Error: No such image or container: mesos-fa31bf15-4b27-4e82-9391-58eecd4abcec-S0.095ebf9d-dfb8-49f1-a8c6-ad185a496393
'
E0310 12:11:47.550060     6 slave.cpp:3903] Failed to update resources for container 24208921-9ce1-4b20-b300-4d8aa2cb8aa4 of executor 'nginx.b58000ad-058a-11e7-8af0-0242eefd1751' running task nginx.b58000ad-058a-11e7-8af0-0242eefd1751 on status update for terminal task, destroying container: Failed to run 'docker -H unix:///var/run/docker.sock inspect mesos-fa31bf15-4b27-4e82-9391-58eecd4abcec-S0.24208921-9ce1-4b20-b300-4d8aa2cb8aa4': exited with status 1; stderr='Error: No such image or container: mesos-fa31bf15-4b27-4e82-9391-58eecd4abcec-S0.24208921-9ce1-4b20-b300-4d8aa2cb8aa4
'
E0310 12:12:21.395416     7 slave.cpp:3903] Failed to update resources for container a5c34b50-adc8-4fc5-ad8c-2add1f11c54a of executor 'nginx.cc4fd8b0-058a-11e7-8af0-0242eefd1751' running task nginx.cc4fd8b0-058a-11e7-8af0-0242eefd1751 on status update for terminal task, destroying container: Failed to run 'docker -H unix:///var/run/docker.sock inspect mesos-fa31bf15-4b27-4e82-9391-58eecd4abcec-S0.a5c34b50-adc8-4fc5-ad8c-2add1f11c54a': exited with status 1; stderr='Error: No such image or container: mesos-fa31bf15-4b27-4e82-9391-58eecd4abcec-S0.a5c34b50-adc8-4fc5-ad8c-2add1f11c54a
'
E0310 12:12:21.401854    14 process.cpp:2154] Failed to shutdown socket with fd 21: Transport endpoint is not connected
E0310 12:12:30.035377    12 slave.cpp:3903] Failed to update resources for container d7392c01-28ed-4212-a206-cdac88bf44f5 of executor 'nginx.d0c3ad91-058a-11e7-8af0-0242eefd1751' running task nginx.d0c3ad91-058a-11e7-8af0-0242eefd1751 on status update for terminal task, destroying container: Failed to run 'docker -H unix:///var/run/docker.sock inspect mesos-fa31bf15-4b27-4e82-9391-58eecd4abcec-S0.d7392c01-28ed-4212-a206-cdac88bf44f5': exited with status 1; stderr='Error: No such image or container: mesos-fa31bf15-4b27-4e82-9391-58eecd4abcec-S0.d7392c01-28ed-4212-a206-cdac88bf44f5
'
E0310 12:12:37.673755     6 slave.cpp:3903] Failed to update resources for container a02cbb0c-deab-4570-a0da-b5b95f79fb22 of executor 'nginx.d5ebb742-058a-11e7-8af0-0242eefd1751' running task nginx.d5ebb742-058a-11e7-8af0-0242eefd1751 on status update for terminal task, destroying container: Failed to run 'docker -H unix:///var/run/docker.sock inspect mesos-fa31bf15-4b27-4e82-9391-58eecd4abcec-S0.a02cbb0c-deab-4570-a0da-b5b95f79fb22': exited with status 1; stderr='Error: No such image or container: mesos-fa31bf15-4b27-4e82-9391-58eecd4abcec-S0.a02cbb0c-deab-4570-a0da-b5b95f79fb22
'
E0310 12:13:00.376447     7 slave.cpp:3903] Failed to update resources for container 00c94566-cb99-4a99-9748-834dd76b8db1 of executor 'nginx.e38d66a5-058a-11e7-8af0-0242eefd1751' running task nginx.e38d66a5-058a-11e7-8af0-0242eefd1751 on status update for terminal task, destroying container: Failed to run 'docker -H unix:///var/run/docker.sock inspect mesos-fa31bf15-4b27-4e82-9391-58eecd4abcec-S0.00c94566-cb99-4a99-9748-834dd76b8db1': exited with status 1; stderr='Error: No such image or container: mesos-fa31bf15-4b27-4e82-9391-58eecd4abcec-S0.00c94566-cb99-4a99-9748-834dd76b8db1
'
E0310 12:13:00.380648    14 process.cpp:2154] Failed to shutdown socket with fd 21: Transport endpoint is not connected
E0310 12:13:15.447124    12 slave.cpp:3903] Failed to update resources for container fe72a89f-8528-4ce6-a235-27df767dbf64 of executor 'nginx.ec797d37-058a-11e7-8af0-0242eefd1751' running task nginx.ec797d37-058a-11e7-8af0-0242eefd1751 on status update for terminal task, destroying container: Failed to run 'docker -H unix:///var/run/docker.sock inspect mesos-fa31bf15-4b27-4e82-9391-58eecd4abcec-S0.fe72a89f-8528-4ce6-a235-27df767dbf64': exited with status 1; stderr='Error: No such image or container: mesos-fa31bf15-4b27-4e82-9391-58eecd4abcec-S0.fe72a89f-8528-4ce6-a235-27df767dbf64
'
E0310 12:13:15.453522    14 process.cpp:2154] Failed to shutdown socket with fd 21: Transport endpoint is not connected
E0310 12:13:30.417073     6 slave.cpp:3903] Failed to update resources for container c4cd37bc-c911-43e3-a5ae-df60020f4214 of executor 'nginx.f57fd289-058a-11e7-8af0-0242eefd1751' running task nginx.f57fd289-058a-11e7-8af0-0242eefd1751 on status update for terminal task, destroying container: Failed to run 'docker -H unix:///var/run/docker.sock inspect mesos-fa31bf15-4b27-4e82-9391-58eecd4abcec-S0.c4cd37bc-c911-43e3-a5ae-df60020f4214': exited with status 1; stderr='Error: No such image or container: mesos-fa31bf15-4b27-4e82-9391-58eecd4abcec-S0.c4cd37bc-c911-43e3-a5ae-df60020f4214
'
E0310 12:13:53.120373     6 slave.cpp:3903] Failed to update resources for container 9a2da296-3994-4998-bc36-c30be0a066c1 of executor 'nginx.02ef003c-058b-11e7-8af0-0242eefd1751' running task nginx.02ef003c-058b-11e7-8af0-0242eefd1751 on status update for terminal task, destroying container: Failed to run 'docker -H unix:///var/run/docker.sock inspect mesos-fa31bf15-4b27-4e82-9391-58eecd4abcec-S0.9a2da296-3994-4998-bc36-c30be0a066c1': exited with status 1; stderr='Error: No such image or container: mesos-fa31bf15-4b27-4e82-9391-58eecd4abcec-S0.9a2da296-3994-4998-bc36-c30be0a066c1
'
E0310 12:13:53.127670    14 process.cpp:2154] Failed to shutdown socket with fd 21: Transport endpoint is not connected
E0310 12:14:02.267107     7 slave.cpp:3903] Failed to update resources for container 85fbb801-fb1e-44d2-9887-5a1c82fd4ea2 of executor 'nginx.0770b7cd-058b-11e7-8af0-0242eefd1751' running task nginx.0770b7cd-058b-11e7-8af0-0242eefd1751 on status update for terminal task, destroying container: Failed to run 'docker -H unix:///var/run/docker.sock inspect mesos-fa31bf15-4b27-4e82-9391-58eecd4abcec-S0.85fbb801-fb1e-44d2-9887-5a1c82fd4ea2': exited with status 1; stderr='Error: No such image or container: mesos-fa31bf15-4b27-4e82-9391-58eecd4abcec-S0.85fbb801-fb1e-44d2-9887-5a1c82fd4ea2
'
E0310 12:14:17.836750     8 slave.cpp:3903] Failed to update resources for container 45c238cf-da6c-4aeb-a8c5-5a5b51aa5e05 of executor 'nginx.11ae067f-058b-11e7-8af0-0242eefd1751' running task nginx.11ae067f-058b-11e7-8af0-0242eefd1751 on status update for terminal task, destroying container: Failed to run 'docker -H unix:///var/run/docker.sock inspect mesos-fa31bf15-4b27-4e82-9391-58eecd4abcec-S0.45c238cf-da6c-4aeb-a8c5-5a5b51aa5e05': exited with status 1; stderr='Error: No such image or container: mesos-fa31bf15-4b27-4e82-9391-58eecd4abcec-S0.45c238cf-da6c-4aeb-a8c5-5a5b51aa5e05
'
E0310 12:14:17.843555    14 process.cpp:2154] Failed to shutdown socket with fd 21: Transport endpoint is not connected
E0310 12:14:33.308161     9 slave.cpp:3903] Failed to update resources for container 75f08dd1-d0b3-4c30-be00-349812beb2ea of executor 'nginx.1add8eb1-058b-11e7-8af0-0242eefd1751' running task nginx.1add8eb1-058b-11e7-8af0-0242eefd1751 on status update for terminal task, destroying container: Failed to run 'docker -H unix:///var/run/docker.sock inspect mesos-fa31bf15-4b27-4e82-9391-58eecd4abcec-S0.75f08dd1-d0b3-4c30-be00-349812beb2ea': exited with status 1; stderr='Error: No such image or container: mesos-fa31bf15-4b27-4e82-9391-58eecd4abcec-S0.75f08dd1-d0b3-4c30-be00-349812beb2ea
'
E0310 12:14:33.315481    14 process.cpp:2154] Failed to shutdown socket with fd 21: Transport endpoint is not connected
E0310 12:14:57.002241     8 slave.cpp:3903] Failed to update resources for container ef6449a4-9f8a-4d93-946d-ed9bbbfb63bd of executor 'nginx.2914a044-058b-11e7-8af0-0242eefd1751' running task nginx.2914a044-058b-11e7-8af0-0242eefd1751 on status update for terminal task, destroying container: Failed to run 'docker -H unix:///var/run/docker.sock inspect mesos-fa31bf15-4b27-4e82-9391-58eecd4abcec-S0.ef6449a4-9f8a-4d93-946d-ed9bbbfb63bd': exited with status 1; stderr='Error: No such image or container: mesos-fa31bf15-4b27-4e82-9391-58eecd4abcec-S0.ef6449a4-9f8a-4d93-946d-ed9bbbfb63bd
'
E0310 12:15:04.942195    11 slave.cpp:3903] Failed to update resources for container cf36689a-a0fd-4bc6-a68f-22a181cac5d0 of executor 'nginx.2d840855-058b-11e7-8af0-0242eefd1751' running task nginx.2d840855-058b-11e7-8af0-0242eefd1751 on status update for terminal task, destroying container: Failed to run 'docker -H unix:///var/run/docker.sock inspect mesos-fa31bf15-4b27-4e82-9391-58eecd4abcec-S0.cf36689a-a0fd-4bc6-a68f-22a181cac5d0': exited with status 1; stderr='Error: No such image or container: mesos-fa31bf15-4b27-4e82-9391-58eecd4abcec-S0.cf36689a-a0fd-4bc6-a68f-22a181cac5d0
'
E0310 12:15:04.948501    14 process.cpp:2154] Failed to shutdown socket with fd 21: Transport endpoint is not connected
W0310 12:15:14.014631     8 slave.cpp:2369] Transitioning the state of task nginx.36c85107-058b-11e7-8af0-0242eefd1751 of framework bbee4fe5-932b-4c21-87d6-7a86671aaea9-0000 to TASK_KILLED because the executor is not registered
E0310 12:15:14.082988     7 slave.cpp:3903] Failed to update resources for container e55c5fdc-3354-402c-9963-448464bb7309 of executor 'nginx.36c85107-058b-11e7-8af0-0242eefd1751' running task nginx.36c85107-058b-11e7-8af0-0242eefd1751 on status update for terminal task, destroying container: Failed to run 'docker -H unix:///var/run/docker.sock inspect mesos-fa31bf15-4b27-4e82-9391-58eecd4abcec-S0.e55c5fdc-3354-402c-9963-448464bb7309': exited with status 1; stderr='Error: No such image or container: mesos-fa31bf15-4b27-4e82-9391-58eecd4abcec-S0.e55c5fdc-3354-402c-9963-448464bb7309
'
E0310 12:15:14.184540    13 slave.cpp:4423] Container 'e55c5fdc-3354-402c-9963-448464bb7309' for executor 'nginx.36c85107-058b-11e7-8af0-0242eefd1751' of framework bbee4fe5-932b-4c21-87d6-7a86671aaea9-0000 failed to start:  future discarded
E0310 12:15:14.184742    13 slave.cpp:4529] Termination of executor 'nginx.36c85107-058b-11e7-8af0-0242eefd1751' of framework bbee4fe5-932b-4c21-87d6-7a86671aaea9-0000 failed: unknown container
W0310 12:15:14.184888    10 composing.cpp:600] Attempted to destroy unknown container e55c5fdc-3354-402c-9963-448464bb7309
E0310 12:16:14.652335     9 slave.cpp:3903] Failed to update resources for container 4bd4f3f1-4fe0-45ec-9bd0-a4439db5d418 of executor 'nginx2.57491639-058b-11e7-8af0-0242eefd1751' running task nginx2.57491639-058b-11e7-8af0-0242eefd1751 on status update for terminal task, destroying container: Failed to run 'docker -H unix:///var/run/docker.sock inspect mesos-fa31bf15-4b27-4e82-9391-58eecd4abcec-S0.4bd4f3f1-4fe0-45ec-9bd0-a4439db5d418': exited with status 1; stderr='Error: No such image or container: mesos-fa31bf15-4b27-4e82-9391-58eecd4abcec-S0.4bd4f3f1-4fe0-45ec-9bd0-a4439db5d418
'
E0310 12:16:29.625833     6 slave.cpp:3903] Failed to update resources for container bd2ac8ad-8210-481f-89be-b3b4131cce7d of executor 'nginx2.603a0ecb-058b-11e7-8af0-0242eefd1751' running task nginx2.603a0ecb-058b-11e7-8af0-0242eefd1751 on status update for terminal task, destroying container: Failed to run 'docker -H unix:///var/run/docker.sock inspect mesos-fa31bf15-4b27-4e82-9391-58eecd4abcec-S0.bd2ac8ad-8210-481f-89be-b3b4131cce7d': exited with status 1; stderr='Error: No such image or container: mesos-fa31bf15-4b27-4e82-9391-58eecd4abcec-S0.bd2ac8ad-8210-481f-89be-b3b4131cce7d
'
E0310 12:16:52.727725     9 slave.cpp:3903] Failed to update resources for container f8a31aad-c399-458c-b2a8-a058e3681d00 of executor 'nginx2.6e05181e-058b-11e7-8af0-0242eefd1751' running task nginx2.6e05181e-058b-11e7-8af0-0242eefd1751 on status update for terminal task, destroying container: Failed to run 'docker -H unix:///var/run/docker.sock inspect mesos-fa31bf15-4b27-4e82-9391-58eecd4abcec-S0.f8a31aad-c399-458c-b2a8-a058e3681d00': exited with status 1; stderr='Error: No such image or container: mesos-fa31bf15-4b27-4e82-9391-58eecd4abcec-S0.f8a31aad-c399-458c-b2a8-a058e3681d00
'
E0310 12:17:00.264271    11 slave.cpp:3903] Failed to update resources for container da8d9342-9d24-4843-9728-2c95e23e4668 of executor 'nginx2.727ee06f-058b-11e7-8af0-0242eefd1751' running task nginx2.727ee06f-058b-11e7-8af0-0242eefd1751 on status update for terminal task, destroying container: Failed to run 'docker -H unix:///var/run/docker.sock inspect mesos-fa31bf15-4b27-4e82-9391-58eecd4abcec-S0.da8d9342-9d24-4843-9728-2c95e23e4668': exited with status 1; stderr='Error: No such image or container: mesos-fa31bf15-4b27-4e82-9391-58eecd4abcec-S0.da8d9342-9d24-4843-9728-2c95e23e4668
'
W0310 12:17:11.544991     7 slave.cpp:2369] Transitioning the state of task nginx2.7b7445d1-058b-11e7-8af0-0242eefd1751 of framework bbee4fe5-932b-4c21-87d6-7a86671aaea9-0000 to TASK_KILLED because the executor is not registered
E0310 12:17:11.616214    12 slave.cpp:3903] Failed to update resources for container 43b40e6f-19de-4f98-bd37-900fc352b823 of executor 'nginx2.7b7445d1-058b-11e7-8af0-0242eefd1751' running task nginx2.7b7445d1-058b-11e7-8af0-0242eefd1751 on status update for terminal task, destroying container: Failed to run 'docker -H unix:///var/run/docker.sock inspect mesos-fa31bf15-4b27-4e82-9391-58eecd4abcec-S0.43b40e6f-19de-4f98-bd37-900fc352b823': exited with status 1; stderr='Error: No such image or container: mesos-fa31bf15-4b27-4e82-9391-58eecd4abcec-S0.43b40e6f-19de-4f98-bd37-900fc352b823
'
E0310 12:17:11.717033     7 slave.cpp:4423] Container '43b40e6f-19de-4f98-bd37-900fc352b823' for executor 'nginx2.7b7445d1-058b-11e7-8af0-0242eefd1751' of framework bbee4fe5-932b-4c21-87d6-7a86671aaea9-0000 failed to start:  future discarded
E0310 12:17:11.717245     7 slave.cpp:4529] Termination of executor 'nginx2.7b7445d1-058b-11e7-8af0-0242eefd1751' of framework bbee4fe5-932b-4c21-87d6-7a86671aaea9-0000 failed: unknown container
W0310 12:17:11.717286     8 composing.cpp:600] Attempted to destroy unknown container 43b40e6f-19de-4f98-bd37-900fc352b823
W0310 19:11:37.363011     7 gc.cpp:142] Failed to delete '/var/tmp/mesos/slaves/fa31bf15-4b27-4e82-9391-58eecd4abcec-S0/frameworks/bbee4fe5-932b-4c21-87d6-7a86671aaea9-0000/executors/mesos-consul.3e26b69a-02ff-11e7-8af0-0242eefd1751/runs/4319a865-59a1-424c-86ef-9dbb4c03b77e': No such file or directory
W0310 19:12:37.362959     7 gc.cpp:142] Failed to delete '/var/tmp/mesos/slaves/fa31bf15-4b27-4e82-9391-58eecd4abcec-S0/frameworks/bbee4fe5-932b-4c21-87d6-7a86671aaea9-0000/executors/mesos-consul.4a1e115e-02ff-11e7-8af0-0242eefd1751/runs/63187f72-69b5-45c5-b5f0-3d360a5aff8f': No such file or directory
W0310 19:12:37.363564     7 gc.cpp:142] Failed to delete '/var/tmp/mesos/meta/slaves/fa31bf15-4b27-4e82-9391-58eecd4abcec-S0/frameworks/bbee4fe5-932b-4c21-87d6-7a86671aaea9-0000/executors/mesos-consul.4a1e115e-02ff-11e7-8af0-0242eefd1751/runs/63187f72-69b5-45c5-b5f0-3d360a5aff8f': No such file or directory
W0310 19:12:37.364008     7 gc.cpp:142] Failed to delete '/var/tmp/mesos/meta/slaves/fa31bf15-4b27-4e82-9391-58eecd4abcec-S0/frameworks/bbee4fe5-932b-4c21-87d6-7a86671aaea9-0000/executors/mesos-consul.4d1c0f1f-02ff-11e7-8af0-0242eefd1751/runs/d9ea4620-39ad-467a-9813-2c306c564bde': No such file or directory
W0310 19:12:37.364245     7 gc.cpp:142] Failed to delete '/var/tmp/mesos/slaves/fa31bf15-4b27-4e82-9391-58eecd4abcec-S0/frameworks/bbee4fe5-932b-4c21-87d6-7a86671aaea9-0000/executors/mesos-consul.4d1c0f1f-02ff-11e7-8af0-0242eefd1751/runs/d9ea4620-39ad-467a-9813-2c306c564bde': No such file or directory
W0310 19:12:37.364795     7 gc.cpp:142] Failed to delete '/var/tmp/mesos/slaves/fa31bf15-4b27-4e82-9391-58eecd4abcec-S0/frameworks/bbee4fe5-932b-4c21-87d6-7a86671aaea9-0000/executors/mesos-consul.531831b1-02ff-11e7-8af0-0242eefd1751/runs/1671241b-b09e-4663-bb3b-38d0159f42ca': No such file or directory
W0310 19:12:37.366401     7 gc.cpp:142] Failed to delete '/var/tmp/mesos/slaves/fa31bf15-4b27-4e82-9391-58eecd4abcec-S0/frameworks/bbee4fe5-932b-4c21-87d6-7a86671aaea9-0000/executors/mesos-consul.6073b055-02ff-11e7-8af0-0242eefd1751/runs/e4f8c9a1-722e-45b4-b4c6-6603a5f46b63': No such file or directory
W0310 19:13:37.363775     6 gc.cpp:142] Failed to delete '/var/tmp/mesos/slaves/fa31bf15-4b27-4e82-9391-58eecd4abcec-S0/frameworks/bbee4fe5-932b-4c21-87d6-7a86671aaea9-0000/executors/mesos-consul.6371ae16-02ff-11e7-8af0-0242eefd1751/runs/5c3276d5-a8a2-44a2-b71c-df76e60a2800': No such file or directory
W0310 19:13:37.364636     6 gc.cpp:142] Failed to delete '/var/tmp/mesos/meta/slaves/fa31bf15-4b27-4e82-9391-58eecd4abcec-S0/frameworks/bbee4fe5-932b-4c21-87d6-7a86671aaea9-0000/executors/mesos-consul.6c6bce69-02ff-11e7-8af0-0242eefd1751/runs/26e1b9e5-cfc9-4e48-abb5-714f9ba2af8a': No such file or directory
W0310 19:13:37.365010     6 gc.cpp:142] Failed to delete '/var/tmp/mesos/slaves/fa31bf15-4b27-4e82-9391-58eecd4abcec-S0/frameworks/bbee4fe5-932b-4c21-87d6-7a86671aaea9-0000/executors/mesos-consul.6c6bce69-02ff-11e7-8af0-0242eefd1751/runs/26e1b9e5-cfc9-4e48-abb5-714f9ba2af8a': No such file or directory
W0310 19:13:37.367087     6 gc.cpp:142] Failed to delete '/var/tmp/mesos/slaves/fa31bf15-4b27-4e82-9391-58eecd4abcec-S0/frameworks/bbee4fe5-932b-4c21-87d6-7a86671aaea9-0000/executors/mesos-consul.7267a2db-02ff-11e7-8af0-0242eefd1751/runs/18f26991-d12b-4778-b04d-6700a563f23b': No such file or directory
W0310 19:13:37.367733     6 gc.cpp:142] Failed to delete '/var/tmp/mesos/slaves/fa31bf15-4b27-4e82-9391-58eecd4abcec-S0/frameworks/bbee4fe5-932b-4c21-87d6-7a86671aaea9-0000/executors/mesos-consul.7863c56d-02ff-11e7-8af0-0242eefd1751/runs/4ea453c9-9066-4435-bb3b-8446f6b27279': No such file or directory
W0311 18:59:38.832593    11 gc.cpp:142] Failed to delete '/var/tmp/mesos/meta/slaves/fa31bf15-4b27-4e82-9391-58eecd4abcec-S0/frameworks/bbee4fe5-932b-4c21-87d6-7a86671aaea9-0000/executors/mesos-consul.eebb0a80-03c7-11e7-8af0-0242eefd1751/runs/b10bb472-224c-426a-b406-353f228c91ca': No such file or directory
W0311 18:59:38.832710    11 gc.cpp:142] Failed to delete '/var/tmp/mesos/slaves/fa31bf15-4b27-4e82-9391-58eecd4abcec-S0/frameworks/bbee4fe5-932b-4c21-87d6-7a86671aaea9-0000/executors/mesos-consul.eebb0a80-03c7-11e7-8af0-0242eefd1751/runs/b10bb472-224c-426a-b406-353f228c91ca': No such file or directory
W0311 18:59:38.833158    11 gc.cpp:142] Failed to delete '/var/tmp/mesos/slaves/fa31bf15-4b27-4e82-9391-58eecd4abcec-S0/frameworks/bbee4fe5-932b-4c21-87d6-7a86671aaea9-0000/executors/mesos-consul.f7b503c3-03c7-11e7-8af0-0242eefd1751/runs/fc5915f0-2508-4521-b8b5-5a799308c657': No such file or directory
W0311 18:59:38.834669    11 gc.cpp:142] Failed to delete '/var/tmp/mesos/slaves/fa31bf15-4b27-4e82-9391-58eecd4abcec-S0/frameworks/bbee4fe5-932b-4c21-87d6-7a86671aaea9-0000/executors/mesos-consul.fab30184-03c7-11e7-8af0-0242eefd1751/runs/c681738a-8501-4d88-9640-5fa894a143b2': No such file or directory
W0311 18:59:38.835006    11 gc.cpp:142] Failed to delete '/var/tmp/mesos/slaves/fa31bf15-4b27-4e82-9391-58eecd4abcec-S0/frameworks/bbee4fe5-932b-4c21-87d6-7a86671aaea9-0000/executors/mesos-consul.fdb0ff45-03c7-11e7-8af0-0242eefd1751/runs/21035f22-a509-4636-a411-0addd79c9771': No such file or directory
W0311 18:59:38.835536    11 gc.cpp:142] Failed to delete '/var/tmp/mesos/meta/slaves/fa31bf15-4b27-4e82-9391-58eecd4abcec-S0/frameworks/bbee4fe5-932b-4c21-87d6-7a86671aaea9-0000/executors/mesos-consul.fdb0ff45-03c7-11e7-8af0-0242eefd1751/runs/21035f22-a509-4636-a411-0addd79c9771': No such file or directory
W0311 19:00:38.834622     6 gc.cpp:142] Failed to delete '/var/tmp/mesos/meta/slaves/fa31bf15-4b27-4e82-9391-58eecd4abcec-S0/frameworks/bbee4fe5-932b-4c21-87d6-7a86671aaea9-0000/executors/mesos-consul.03acfac7-03c8-11e7-8af0-0242eefd1751/runs/ca9705ad-fdba-4081-b385-107d9e4717cf': No such file or directory
W0311 19:00:38.835846     6 gc.cpp:142] Failed to delete '/var/tmp/mesos/slaves/fa31bf15-4b27-4e82-9391-58eecd4abcec-S0/frameworks/bbee4fe5-932b-4c21-87d6-7a86671aaea9-0000/executors/mesos-consul.03acfac7-03c8-11e7-8af0-0242eefd1751/runs/ca9705ad-fdba-4081-b385-107d9e4717cf': No such file or directory
W0311 19:00:38.836459     6 gc.cpp:142] Failed to delete '/var/tmp/mesos/meta/slaves/fa31bf15-4b27-4e82-9391-58eecd4abcec-S0/frameworks/bbee4fe5-932b-4c21-87d6-7a86671aaea9-0000/executors/mesos-consul.09d843a9-03c8-11e7-8af0-0242eefd1751/runs/552285fd-3ec7-485b-9ce3-2e01aa887943': No such file or directory
W0311 19:00:38.839208     6 gc.cpp:142] Failed to delete '/var/tmp/mesos/slaves/fa31bf15-4b27-4e82-9391-58eecd4abcec-S0/frameworks/bbee4fe5-932b-4c21-87d6-7a86671aaea9-0000/executors/mesos-consul.09d843a9-03c8-11e7-8af0-0242eefd1751/runs/552285fd-3ec7-485b-9ce3-2e01aa887943': No such file or directory
W0312 02:25:39.293210    11 gc.cpp:142] Failed to delete '/var/tmp/mesos/meta/slaves/fa31bf15-4b27-4e82-9391-58eecd4abcec-S0/frameworks/bbee4fe5-932b-4c21-87d6-7a86671aaea9-0000/executors/eureka1.3fb2d78f-00e7-11e7-8af0-0242eefd1751/runs/f4644687-b8ce-4ae1-923e-76218c122f75': No such file or directory
W0312 02:25:39.293520    11 gc.cpp:142] Failed to delete '/var/tmp/mesos/slaves/fa31bf15-4b27-4e82-9391-58eecd4abcec-S0/frameworks/bbee4fe5-932b-4c21-87d6-7a86671aaea9-0000/executors/eureka1.3fb2d78f-00e7-11e7-8af0-0242eefd1751/runs/f4644687-b8ce-4ae1-923e-76218c122f75': No such file or directory
W0312 02:25:39.335199    11 gc.cpp:142] Failed to delete '/var/tmp/mesos/slaves/fa31bf15-4b27-4e82-9391-58eecd4abcec-S0/frameworks/bbee4fe5-932b-4c21-87d6-7a86671aaea9-0000/executors/configserver.3a26d483-024d-11e7-8af0-0242eefd1751/runs/f5c6936d-bc0a-4cf0-bbf4-f6ff0a7e5468': No such file or directory
