Log file created at: 2017/03/02 16:49:43
Running on machine: xiaoweitestZ20150907Z01Z
Log line format: [IWEF]mmdd hh:mm:ss.uuuuuu threadid file:line] msg
I0302 16:49:43.651535     1 logging.cpp:194] INFO level logging started!
I0302 16:49:43.651942     1 main.cpp:370] Using 'HierarchicalDRF' allocator
I0302 16:49:43.657119    11 master.cpp:380] Master bbee4fe5-932b-4c21-87d6-7a86671aaea9 (xiaoweitestZ20150907Z01Z) started on 10.173.162.72:5050
I0302 16:49:43.657248    11 master.cpp:382] Flags at startup: --agent_ping_timeout="15secs" --agent_reregister_timeout="10mins" --allocation_interval="1secs" --allocator="HierarchicalDRF" --authenticate_agents="false" --authenticate_frameworks="false" --authenticate_http_frameworks="false" --authenticate_http_readonly="false" --authenticate_http_readwrite="false" --authenticators="crammd5" --authorizers="local" --framework_sorter="drf" --help="false" --hostname_lookup="true" --http_authenticators="basic" --initialize_driver_logging="true" --log_auto_initialize="true" --log_dir="/var/log/mesos" --logbufsecs="0" --logging_level="INFO" --max_agent_ping_timeouts="5" --max_completed_frameworks="50" --max_completed_tasks_per_framework="1000" --port="5050" --quiet="false" --quorum="1" --recovery_agent_removal_limit="100%" --registry="in_memory" --registry_fetch_timeout="1mins" --registry_gc_interval="15mins" --registry_max_agent_age="2weeks" --registry_max_agent_count="102400" --registry_store_timeout="20secs" --registry_strict="false" --root_submissions="true" --user_sorter="drf" --version="false" --webui_dir="/usr/share/mesos/webui" --work_dir="/var/tmp/mesos" --zk="zk://localhost:2181/default/mesos" --zk_session_timeout="10secs"
I0302 16:49:43.657631    11 master.cpp:434] Master allowing unauthenticated frameworks to register
I0302 16:49:43.657662    11 master.cpp:448] Master allowing unauthenticated agents to register
I0302 16:49:43.657680    11 master.cpp:462] Master allowing HTTP frameworks to register without authentication
I0302 16:49:43.657706    11 master.cpp:504] Using default 'crammd5' authenticator
W0302 16:49:43.657735    11 authenticator.cpp:512] No credentials provided, authentication requests will be refused
I0302 16:49:43.657933    11 authenticator.cpp:519] Initializing server SASL
I0302 16:49:43.664798    12 contender.cpp:152] Joining the ZK group
I0302 16:49:43.664798     7 master.cpp:1951] Successfully attached file '/var/log/mesos/mesos-master.INFO'
W0302 16:49:53.657840    13 group.cpp:494] Timed out waiting to connect to ZooKeeper. Forcing ZooKeeper session (sessionId=0) expiration
W0302 16:49:53.657860    11 group.cpp:494] Timed out waiting to connect to ZooKeeper. Forcing ZooKeeper session (sessionId=0) expiration
I0302 16:49:53.658303    11 group.cpp:510] ZooKeeper session expired
I0302 16:49:53.658530    13 group.cpp:510] ZooKeeper session expired
I0302 16:49:57.001376     9 group.cpp:340] Group process (zookeeper-group(1)@10.173.162.72:5050) connected to ZooKeeper
I0302 16:49:57.001482     9 group.cpp:828] Syncing group operations: queue size (joins, cancels, datas) = (1, 0, 0)
I0302 16:49:57.001548     9 group.cpp:418] Trying to create path '/default/mesos' in ZooKeeper
I0302 16:49:57.003173    14 group.cpp:340] Group process (zookeeper-group(2)@10.173.162.72:5050) connected to ZooKeeper
I0302 16:49:57.003228    14 group.cpp:828] Syncing group operations: queue size (joins, cancels, datas) = (0, 0, 0)
I0302 16:49:57.003253    14 group.cpp:418] Trying to create path '/default/mesos' in ZooKeeper
I0302 16:49:57.017630    10 contender.cpp:268] New candidate (id='0') has entered the contest for leadership
I0302 16:49:57.019362    11 detector.cpp:152] Detected a new leader: (id='0')
I0302 16:49:57.019563    11 group.cpp:697] Trying to get '/default/mesos/json.info_0000000000' in ZooKeeper
I0302 16:49:57.021885    12 zookeeper.cpp:259] A new leading master (UPID=master@10.173.162.72:5050) is detected
I0302 16:49:57.021994    12 master.cpp:2017] Elected as the leading master!
I0302 16:49:57.022019    12 master.cpp:1560] Recovering from registrar
I0302 16:49:57.023222    12 registrar.cpp:362] Successfully fetched the registry (0B) in 1.123072ms
I0302 16:49:57.023316    12 registrar.cpp:461] Applied 1 operations in 8867ns; attempting to update the registry
I0302 16:49:57.023702     8 registrar.cpp:506] Successfully updated the registry in 342784ns
I0302 16:49:57.023780     8 registrar.cpp:392] Successfully recovered registrar
I0302 16:49:57.023958     8 master.cpp:1676] Recovered 0 agents from the registry (159B); allowing 10mins for agents to re-register
I0302 16:49:57.178736     8 master.cpp:5335] Re-registering agent fa31bf15-4b27-4e82-9391-58eecd4abcec-S0 at slave(1)@10.173.162.72:5051 (kvm1)
W0302 16:49:57.179060    14 master.hpp:2042] Allowing UNKNOWN agent to reregister: hostname: "kvm1"
resources {
  name: "cpus"
  type: SCALAR
  scalar {
    value: 4
  }
  role: "*"
}
resources {
  name: "mem"
  type: SCALAR
  scalar {
    value: 2767
  }
  role: "*"
}
resources {
  name: "disk"
  type: SCALAR
  scalar {
    value: 35067
  }
  role: "*"
}
resources {
  name: "ports"
  type: RANGES
  ranges {
    range {
      begin: 31000
      end: 32000
    }
  }
  role: "*"
}
id {
  value: "fa31bf15-4b27-4e82-9391-58eecd4abcec-S0"
}
checkpoint: true
port: 5051
I0302 16:49:57.179276    14 registrar.cpp:461] Applied 1 operations in 238632ns; attempting to update the registry
I0302 16:49:57.180750    11 registrar.cpp:506] Successfully updated the registry in 1.411072ms
I0302 16:49:57.181406    13 master.cpp:5426] Re-registered agent fa31bf15-4b27-4e82-9391-58eecd4abcec-S0 at slave(1)@10.173.162.72:5051 (kvm1) with cpus(*):4; mem(*):2767; disk(*):35067; ports(*):[31000-32000]
I0302 16:49:57.181524    13 master.cpp:5520] Sending updated checkpointed resources {} to agent fa31bf15-4b27-4e82-9391-58eecd4abcec-S0 at slave(1)@10.173.162.72:5051 (kvm1)
I0302 16:49:57.181540    10 hierarchical.cpp:485] Added agent fa31bf15-4b27-4e82-9391-58eecd4abcec-S0 (kvm1) with cpus(*):4; mem(*):2767; disk(*):35067; ports(*):[31000-32000] (allocated: {})
I0302 16:49:57.182848    12 master.cpp:5581] Received update of agent fa31bf15-4b27-4e82-9391-58eecd4abcec-S0 at slave(1)@10.173.162.72:5051 (kvm1) with total oversubscribed resources {}
I0302 16:49:57.182952    12 hierarchical.cpp:555] Agent fa31bf15-4b27-4e82-9391-58eecd4abcec-S0 (kvm1) updated with oversubscribed resources {} (total: cpus(*):4; mem(*):2767; disk(*):35067; ports(*):[31000-32000], allocated: {})
I0302 16:49:57.703876    10 master.cpp:2596] Received SUBSCRIBE call for framework 'marathon' at scheduler-37b11321-8e3c-4b5d-9357-95ea6250d2ee@10.173.161.156:41272
I0302 16:49:57.704052    10 master.cpp:2672] Subscribing framework marathon with checkpointing enabled and capabilities [ PARTITION_AWARE ]
I0302 16:49:57.704617     7 hierarchical.cpp:275] Added framework bbee4fe5-932b-4c21-87d6-7a86671aaea9-0000
I0302 16:49:57.705269     9 master.cpp:6519] Sending 1 offers to framework bbee4fe5-932b-4c21-87d6-7a86671aaea9-0000 (marathon) at scheduler-37b11321-8e3c-4b5d-9357-95ea6250d2ee@10.173.161.156:41272
I0302 16:49:57.892527     7 master.cpp:4507] Processing DECLINE call for offers: [ bbee4fe5-932b-4c21-87d6-7a86671aaea9-O0 ] for framework bbee4fe5-932b-4c21-87d6-7a86671aaea9-0000 (marathon) at scheduler-37b11321-8e3c-4b5d-9357-95ea6250d2ee@10.173.161.156:41272
I0302 16:50:02.712193    14 master.cpp:4602] Processing REVIVE call for framework bbee4fe5-932b-4c21-87d6-7a86671aaea9-0000 (marathon) at scheduler-37b11321-8e3c-4b5d-9357-95ea6250d2ee@10.173.161.156:41272
I0302 16:50:02.712970     8 hierarchical.cpp:1136] Removed offer filters for framework bbee4fe5-932b-4c21-87d6-7a86671aaea9-0000
I0302 16:50:02.713438     8 master.cpp:6519] Sending 1 offers to framework bbee4fe5-932b-4c21-87d6-7a86671aaea9-0000 (marathon) at scheduler-37b11321-8e3c-4b5d-9357-95ea6250d2ee@10.173.161.156:41272
I0302 16:50:02.717001    12 master.cpp:4507] Processing DECLINE call for offers: [ bbee4fe5-932b-4c21-87d6-7a86671aaea9-O1 ] for framework bbee4fe5-932b-4c21-87d6-7a86671aaea9-0000 (marathon) at scheduler-37b11321-8e3c-4b5d-9357-95ea6250d2ee@10.173.161.156:41272
I0302 16:50:07.729861    14 master.cpp:4602] Processing REVIVE call for framework bbee4fe5-932b-4c21-87d6-7a86671aaea9-0000 (marathon) at scheduler-37b11321-8e3c-4b5d-9357-95ea6250d2ee@10.173.161.156:41272
I0302 16:50:07.730041    14 hierarchical.cpp:1136] Removed offer filters for framework bbee4fe5-932b-4c21-87d6-7a86671aaea9-0000
I0302 16:50:07.730489     7 master.cpp:6519] Sending 1 offers to framework bbee4fe5-932b-4c21-87d6-7a86671aaea9-0000 (marathon) at scheduler-37b11321-8e3c-4b5d-9357-95ea6250d2ee@10.173.161.156:41272
I0302 16:50:07.733599    14 master.cpp:4507] Processing DECLINE call for offers: [ bbee4fe5-932b-4c21-87d6-7a86671aaea9-O2 ] for framework bbee4fe5-932b-4c21-87d6-7a86671aaea9-0000 (marathon) at scheduler-37b11321-8e3c-4b5d-9357-95ea6250d2ee@10.173.161.156:41272
I0302 16:50:12.674330    13 master.cpp:6164] Performing implicit task state reconciliation for framework bbee4fe5-932b-4c21-87d6-7a86671aaea9-0000 (marathon) at scheduler-37b11321-8e3c-4b5d-9357-95ea6250d2ee@10.173.161.156:41272
I0302 16:50:12.750210    11 master.cpp:4602] Processing REVIVE call for framework bbee4fe5-932b-4c21-87d6-7a86671aaea9-0000 (marathon) at scheduler-37b11321-8e3c-4b5d-9357-95ea6250d2ee@10.173.161.156:41272
I0302 16:50:12.750352    11 hierarchical.cpp:1136] Removed offer filters for framework bbee4fe5-932b-4c21-87d6-7a86671aaea9-0000
I0302 16:50:12.750915     7 master.cpp:6519] Sending 1 offers to framework bbee4fe5-932b-4c21-87d6-7a86671aaea9-0000 (marathon) at scheduler-37b11321-8e3c-4b5d-9357-95ea6250d2ee@10.173.161.156:41272
I0302 16:50:12.753711    11 master.cpp:4507] Processing DECLINE call for offers: [ bbee4fe5-932b-4c21-87d6-7a86671aaea9-O3 ] for framework bbee4fe5-932b-4c21-87d6-7a86671aaea9-0000 (marathon) at scheduler-37b11321-8e3c-4b5d-9357-95ea6250d2ee@10.173.161.156:41272
I0302 16:50:15.063336    13 master.cpp:3061] Processing SUPPRESS call for framework bbee4fe5-932b-4c21-87d6-7a86671aaea9-0000 (marathon) at scheduler-37b11321-8e3c-4b5d-9357-95ea6250d2ee@10.173.161.156:41272
I0302 16:50:15.063856    13 hierarchical.cpp:1104] Suppressed offers for framework bbee4fe5-932b-4c21-87d6-7a86671aaea9-0000
I0302 16:50:24.602671    14 master.cpp:1258] Agent fa31bf15-4b27-4e82-9391-58eecd4abcec-S0 at slave(1)@10.173.162.72:5051 (kvm1) disconnected
I0302 16:50:24.602779    14 master.cpp:2963] Disconnecting agent fa31bf15-4b27-4e82-9391-58eecd4abcec-S0 at slave(1)@10.173.162.72:5051 (kvm1)
I0302 16:50:24.602896    14 master.cpp:2982] Deactivating agent fa31bf15-4b27-4e82-9391-58eecd4abcec-S0 at slave(1)@10.173.162.72:5051 (kvm1)
I0302 16:50:24.602983    14 hierarchical.cpp:584] Agent fa31bf15-4b27-4e82-9391-58eecd4abcec-S0 deactivated
I0302 16:50:25.741721     7 master.cpp:5261] Re-registering agent fa31bf15-4b27-4e82-9391-58eecd4abcec-S0 at slave(1)@10.173.162.72:5051 (kvm1)
I0302 16:50:25.742301     7 master.cpp:5520] Sending updated checkpointed resources {} to agent fa31bf15-4b27-4e82-9391-58eecd4abcec-S0 at slave(1)@10.173.162.72:5051 (kvm1)
I0302 16:50:25.742341    13 hierarchical.cpp:572] Agent fa31bf15-4b27-4e82-9391-58eecd4abcec-S0 reactivated
I0302 16:50:25.743407    14 master.cpp:5581] Received update of agent fa31bf15-4b27-4e82-9391-58eecd4abcec-S0 at slave(1)@10.173.162.72:5051 (kvm1) with total oversubscribed resources {}
I0302 16:50:25.743703     7 hierarchical.cpp:555] Agent fa31bf15-4b27-4e82-9391-58eecd4abcec-S0 (kvm1) updated with oversubscribed resources {} (total: cpus(*):4; mem(*):2767; disk(*):35067; ports(*):[31000-32000], allocated: {})
I0302 16:50:27.770135     9 master.cpp:6229] Performing explicit task state reconciliation for 1 tasks of framework bbee4fe5-932b-4c21-87d6-7a86671aaea9-0000 (marathon) at scheduler-37b11321-8e3c-4b5d-9357-95ea6250d2ee@10.173.161.156:41272
I0302 16:50:42.790341     7 master.cpp:6229] Performing explicit task state reconciliation for 1 tasks of framework bbee4fe5-932b-4c21-87d6-7a86671aaea9-0000 (marathon) at scheduler-37b11321-8e3c-4b5d-9357-95ea6250d2ee@10.173.161.156:41272
